|-Cycles-|---IF---|---ID---|---EX---|---MEM--|---WB---|
        0 00000004 00000000 00000000 00000000 00000000
        1 00000008 00000004 00000000 00000000 00000000
        2 0000000c 00000008 00000004 00000000 00000000
        3 00000010 0000000c 00000008 00000004 00000000
        4 00000014 00000010 0000000c 00000008 00000004
        5 00000018 00000014 00000010 0000000c 00000008
        6 0000001c 00000018 00000014 00000010 0000000c
        7 00000020 0000001c 00000018 00000014 00000010
        8 00000024 00000020 0000001c 00000018 00000014
        9 00000028 00000024 00000020 0000001c 00000018
       10 0000002c 00000028 00000024 00000020 0000001c
       11 00000030 0000002c 00000028 00000024 00000020
       12 00000034 00000030 0000002c 00000028 00000024
       13 00000038 00000034 00000030 0000002c 00000028
       14 0000003c 00000038 00000034 00000030 0000002c
       15 00000040 0000003c 00000038 00000034 00000030
       16 00000044 00000040 0000003c 00000038 00000034
       17 00000048 00000044 00000040 0000003c 00000038
       18 0000004c 00000048 00000044 00000040 0000003c
       19 00000050 0000004c 00000048 00000044 00000040
       20 00000054 00000050 0000004c 00000048 00000044
       21 00000058 00000054 00000050 0000004c 00000048
       22 0000005c 00000058 00000054 00000050 0000004c
       23 00000060 0000005c 00000058 00000054 00000050
       24 00000060 0000005c 00000058 00000054 00000050
       25 00000064 00000060 0000005c 00000058 00000054
       26 00000068 00000064 00000060 0000005c 00000058
       27 0000006c 00000068 00000064 00000060 0000005c
       28 0000005c 00000000 00000000 00000064 00000060
       29 00000060 0000005c 00000000 00000000 00000064
       30 00000064 00000060 0000005c 00000000 00000000
       31 0000005c 00000064 00000060 0000005c 00000000
       32 00000060 0000005c 00000064 00000060 0000005c
       33 00000064 00000060 0000005c 00000064 00000060
       34 0000005c 00000064 00000060 0000005c 00000064
       35 00000060 0000005c 00000064 00000060 0000005c
       36 00000064 00000060 0000005c 00000064 00000060
       37 0000005c 00000064 00000060 0000005c 00000064
       38 00000060 0000005c 00000064 00000060 0000005c
       39 00000064 00000060 0000005c 00000064 00000060
       40 0000005c 00000064 00000060 0000005c 00000064
       41 00000060 0000005c 00000064 00000060 0000005c
       42 00000064 00000060 0000005c 00000064 00000060
       43 0000005c 00000064 00000060 0000005c 00000064
       44 00000060 0000005c 00000064 00000060 0000005c
       45 00000064 00000060 0000005c 00000064 00000060
       46 0000005c 00000064 00000060 0000005c 00000064
       47 00000060 0000005c 00000064 00000060 0000005c
       48 00000064 00000060 0000005c 00000064 00000060
       49 0000005c 00000064 00000060 0000005c 00000064
       50 00000060 0000005c 00000064 00000060 0000005c
       51 00000064 00000060 0000005c 00000064 00000060
       52 0000005c 00000064 00000060 0000005c 00000064
       53 00000060 0000005c 00000064 00000060 0000005c
       54 00000064 00000060 0000005c 00000064 00000060
       55 0000005c 00000064 00000060 0000005c 00000064
       56 00000060 0000005c 00000064 00000060 0000005c
       57 00000064 00000060 0000005c 00000064 00000060
       58 0000005c 00000064 00000060 0000005c 00000064
       59 00000060 0000005c 00000064 00000060 0000005c
       60 00000064 00000060 0000005c 00000064 00000060
       61 0000005c 00000064 00000060 0000005c 00000064
       62 00000060 0000005c 00000064 00000060 0000005c
       63 00000064 00000060 0000005c 00000064 00000060
       64 0000005c 00000064 00000060 0000005c 00000064
       65 00000060 0000005c 00000064 00000060 0000005c
       66 00000064 00000060 0000005c 00000064 00000060
       67 0000005c 00000064 00000060 0000005c 00000064
       68 00000060 0000005c 00000064 00000060 0000005c
       69 00000064 00000060 0000005c 00000064 00000060
       70 0000005c 00000064 00000060 0000005c 00000064
       71 00000060 0000005c 00000064 00000060 0000005c
       72 00000064 00000060 0000005c 00000064 00000060
       73 0000005c 00000064 00000060 0000005c 00000064
       74 00000060 0000005c 00000064 00000060 0000005c
       75 00000064 00000060 0000005c 00000064 00000060
       76 0000005c 00000064 00000060 0000005c 00000064
       77 00000060 0000005c 00000064 00000060 0000005c
       78 00000064 00000060 0000005c 00000064 00000060
       79 0000005c 00000064 00000060 0000005c 00000064
       80 00000060 0000005c 00000064 00000060 0000005c
       81 00000064 00000060 0000005c 00000064 00000060
       82 0000005c 00000064 00000060 0000005c 00000064
       83 00000060 0000005c 00000064 00000060 0000005c
       84 00000064 00000060 0000005c 00000064 00000060
       85 0000005c 00000064 00000060 0000005c 00000064
       86 00000060 0000005c 00000064 00000060 0000005c
       87 00000064 00000060 0000005c 00000064 00000060
       88 0000005c 00000064 00000060 0000005c 00000064
       89 00000060 0000005c 00000064 00000060 0000005c
       90 00000064 00000060 0000005c 00000064 00000060
       91 0000005c 00000064 00000060 0000005c 00000064
       92 00000060 0000005c 00000064 00000060 0000005c
       93 00000064 00000060 0000005c 00000064 00000060
       94 0000005c 00000064 00000060 0000005c 00000064
       95 00000060 0000005c 00000064 00000060 0000005c
       96 00000064 00000060 0000005c 00000064 00000060
       97 0000005c 00000064 00000060 0000005c 00000064
       98 00000060 0000005c 00000064 00000060 0000005c
       99 00000064 00000060 0000005c 00000064 00000060
      100 0000005c 00000064 00000060 0000005c 00000064
      101 00000060 0000005c 00000064 00000060 0000005c
      102 00000064 00000060 0000005c 00000064 00000060
      103 0000005c 00000064 00000060 0000005c 00000064
      104 00000060 0000005c 00000064 00000060 0000005c
      105 00000064 00000060 0000005c 00000064 00000060
      106 0000005c 00000064 00000060 0000005c 00000064
      107 00000060 0000005c 00000064 00000060 0000005c
      108 00000064 00000060 0000005c 00000064 00000060
      109 0000005c 00000064 00000060 0000005c 00000064
      110 00000060 0000005c 00000064 00000060 0000005c
      111 00000064 00000060 0000005c 00000064 00000060
      112 0000005c 00000064 00000060 0000005c 00000064
      113 00000060 0000005c 00000064 00000060 0000005c
      114 00000064 00000060 0000005c 00000064 00000060
      115 0000005c 00000064 00000060 0000005c 00000064
      116 00000060 0000005c 00000064 00000060 0000005c
      117 00000064 00000060 0000005c 00000064 00000060
      118 0000005c 00000064 00000060 0000005c 00000064
      119 00000060 0000005c 00000064 00000060 0000005c
      120 00000064 00000060 0000005c 00000064 00000060
      121 0000005c 00000064 00000060 0000005c 00000064
      122 00000060 0000005c 00000064 00000060 0000005c
      123 00000064 00000060 0000005c 00000064 00000060
      124 0000005c 00000064 00000060 0000005c 00000064
      125 00000060 0000005c 00000064 00000060 0000005c
      126 00000064 00000060 0000005c 00000064 00000060
      127 0000005c 00000064 00000060 0000005c 00000064
      128 00000060 0000005c 00000064 00000060 0000005c
      129 00000064 00000060 0000005c 00000064 00000060
      130 0000005c 00000064 00000060 0000005c 00000064
      131 00000060 0000005c 00000064 00000060 0000005c
      132 00000064 00000060 0000005c 00000064 00000060
      133 0000005c 00000064 00000060 0000005c 00000064
      134 00000060 0000005c 00000064 00000060 0000005c
      135 00000064 00000060 0000005c 00000064 00000060
      136 0000005c 00000064 00000060 0000005c 00000064
      137 00000060 0000005c 00000064 00000060 0000005c
      138 00000064 00000060 0000005c 00000064 00000060
      139 0000005c 00000064 00000060 0000005c 00000064
      140 00000060 0000005c 00000064 00000060 0000005c
      141 00000064 00000060 0000005c 00000064 00000060
      142 0000005c 00000064 00000060 0000005c 00000064
      143 00000060 0000005c 00000064 00000060 0000005c
      144 00000064 00000060 0000005c 00000064 00000060
      145 0000005c 00000064 00000060 0000005c 00000064
      146 00000060 0000005c 00000064 00000060 0000005c
      147 00000064 00000060 0000005c 00000064 00000060
      148 0000005c 00000064 00000060 0000005c 00000064
      149 00000060 0000005c 00000064 00000060 0000005c
      150 00000064 00000060 0000005c 00000064 00000060
      151 0000005c 00000064 00000060 0000005c 00000064
      152 00000060 0000005c 00000064 00000060 0000005c
      153 00000064 00000060 0000005c 00000064 00000060
      154 0000005c 00000064 00000060 0000005c 00000064
      155 00000060 0000005c 00000064 00000060 0000005c
      156 00000064 00000060 0000005c 00000064 00000060
      157 0000005c 00000064 00000060 0000005c 00000064
      158 00000060 0000005c 00000064 00000060 0000005c
      159 00000064 00000060 0000005c 00000064 00000060
      160 0000005c 00000064 00000060 0000005c 00000064
      161 00000060 0000005c 00000064 00000060 0000005c
      162 00000064 00000060 0000005c 00000064 00000060
      163 0000005c 00000064 00000060 0000005c 00000064
      164 00000060 0000005c 00000064 00000060 0000005c
      165 00000064 00000060 0000005c 00000064 00000060
      166 0000005c 00000064 00000060 0000005c 00000064
      167 00000060 0000005c 00000064 00000060 0000005c
      168 00000064 00000060 0000005c 00000064 00000060
      169 0000005c 00000064 00000060 0000005c 00000064
      170 00000060 0000005c 00000064 00000060 0000005c
      171 00000064 00000060 0000005c 00000064 00000060
      172 0000005c 00000064 00000060 0000005c 00000064
      173 00000060 0000005c 00000064 00000060 0000005c
      174 00000064 00000060 0000005c 00000064 00000060
      175 0000005c 00000064 00000060 0000005c 00000064
      176 00000060 0000005c 00000064 00000060 0000005c
      177 00000064 00000060 0000005c 00000064 00000060
      178 0000005c 00000064 00000060 0000005c 00000064
      179 00000060 0000005c 00000064 00000060 0000005c
      180 00000064 00000060 0000005c 00000064 00000060
      181 0000005c 00000064 00000060 0000005c 00000064
      182 00000060 0000005c 00000064 00000060 0000005c
      183 00000064 00000060 0000005c 00000064 00000060
      184 0000005c 00000064 00000060 0000005c 00000064
      185 00000060 0000005c 00000064 00000060 0000005c
      186 00000064 00000060 0000005c 00000064 00000060
      187 0000005c 00000064 00000060 0000005c 00000064
      188 00000060 0000005c 00000064 00000060 0000005c
      189 00000064 00000060 0000005c 00000064 00000060
      190 0000005c 00000064 00000060 0000005c 00000064
      191 00000060 0000005c 00000064 00000060 0000005c
      192 00000064 00000060 0000005c 00000064 00000060
      193 0000005c 00000064 00000060 0000005c 00000064
      194 00000060 0000005c 00000064 00000060 0000005c
      195 00000064 00000060 0000005c 00000064 00000060
      196 0000005c 00000064 00000060 0000005c 00000064
      197 00000060 0000005c 00000064 00000060 0000005c
      198 00000064 00000060 0000005c 00000064 00000060
      199 0000005c 00000064 00000060 0000005c 00000064
      200 00000060 0000005c 00000064 00000060 0000005c
      201 00000064 00000060 0000005c 00000064 00000060
      202 0000005c 00000064 00000060 0000005c 00000064
      203 00000060 0000005c 00000064 00000060 0000005c
      204 00000064 00000060 0000005c 00000064 00000060
      205 0000005c 00000064 00000060 0000005c 00000064
      206 00000060 0000005c 00000064 00000060 0000005c
      207 00000064 00000060 0000005c 00000064 00000060
      208 0000005c 00000064 00000060 0000005c 00000064
      209 00000060 0000005c 00000064 00000060 0000005c
      210 00000064 00000060 0000005c 00000064 00000060
      211 0000005c 00000064 00000060 0000005c 00000064
      212 00000060 0000005c 00000064 00000060 0000005c
      213 00000064 00000060 0000005c 00000064 00000060
      214 0000005c 00000064 00000060 0000005c 00000064
      215 00000060 0000005c 00000064 00000060 0000005c
      216 00000064 00000060 0000005c 00000064 00000060
      217 0000005c 00000064 00000060 0000005c 00000064
      218 00000060 0000005c 00000064 00000060 0000005c
      219 00000064 00000060 0000005c 00000064 00000060
      220 0000005c 00000064 00000060 0000005c 00000064
      221 00000060 0000005c 00000064 00000060 0000005c
      222 00000064 00000060 0000005c 00000064 00000060
      223 0000005c 00000064 00000060 0000005c 00000064
      224 00000060 0000005c 00000064 00000060 0000005c
      225 00000064 00000060 0000005c 00000064 00000060
      226 0000005c 00000064 00000060 0000005c 00000064
      227 00000060 0000005c 00000064 00000060 0000005c
      228 00000064 00000060 0000005c 00000064 00000060
      229 0000005c 00000064 00000060 0000005c 00000064
      230 00000060 0000005c 00000064 00000060 0000005c
      231 00000064 00000060 0000005c 00000064 00000060
      232 0000005c 00000064 00000060 0000005c 00000064
      233 00000060 0000005c 00000064 00000060 0000005c
      234 00000064 00000060 0000005c 00000064 00000060
      235 0000005c 00000064 00000060 0000005c 00000064
      236 00000060 0000005c 00000064 00000060 0000005c
      237 00000064 00000060 0000005c 00000064 00000060
      238 0000005c 00000064 00000060 0000005c 00000064
      239 00000060 0000005c 00000064 00000060 0000005c
      240 00000064 00000060 0000005c 00000064 00000060
      241 0000005c 00000064 00000060 0000005c 00000064
      242 00000060 0000005c 00000064 00000060 0000005c
      243 00000064 00000060 0000005c 00000064 00000060
      244 0000005c 00000064 00000060 0000005c 00000064
      245 00000060 0000005c 00000064 00000060 0000005c
      246 00000064 00000060 0000005c 00000064 00000060
      247 0000005c 00000064 00000060 0000005c 00000064
      248 00000060 0000005c 00000064 00000060 0000005c
      249 00000064 00000060 0000005c 00000064 00000060
      250 0000005c 00000064 00000060 0000005c 00000064
      251 00000060 0000005c 00000064 00000060 0000005c
      252 00000064 00000060 0000005c 00000064 00000060
      253 0000005c 00000064 00000060 0000005c 00000064
      254 00000060 0000005c 00000064 00000060 0000005c
      255 00000064 00000060 0000005c 00000064 00000060
      256 0000005c 00000064 00000060 0000005c 00000064
      257 00000060 0000005c 00000064 00000060 0000005c
      258 00000064 00000060 0000005c 00000064 00000060
      259 0000005c 00000064 00000060 0000005c 00000064
      260 00000060 0000005c 00000064 00000060 0000005c
      261 00000064 00000060 0000005c 00000064 00000060
      262 0000005c 00000064 00000060 0000005c 00000064
      263 00000060 0000005c 00000064 00000060 0000005c
      264 00000064 00000060 0000005c 00000064 00000060
      265 0000005c 00000064 00000060 0000005c 00000064
      266 00000060 0000005c 00000064 00000060 0000005c
      267 00000064 00000060 0000005c 00000064 00000060
      268 0000005c 00000064 00000060 0000005c 00000064
      269 00000060 0000005c 00000064 00000060 0000005c
      270 00000064 00000060 0000005c 00000064 00000060
      271 0000005c 00000064 00000060 0000005c 00000064
      272 00000060 0000005c 00000064 00000060 0000005c
      273 00000064 00000060 0000005c 00000064 00000060
      274 0000005c 00000064 00000060 0000005c 00000064
      275 00000060 0000005c 00000064 00000060 0000005c
      276 00000064 00000060 0000005c 00000064 00000060
      277 0000005c 00000064 00000060 0000005c 00000064
      278 00000060 0000005c 00000064 00000060 0000005c
      279 00000064 00000060 0000005c 00000064 00000060
      280 0000005c 00000064 00000060 0000005c 00000064
      281 00000060 0000005c 00000064 00000060 0000005c
      282 00000064 00000060 0000005c 00000064 00000060
      283 0000005c 00000064 00000060 0000005c 00000064
      284 00000060 0000005c 00000064 00000060 0000005c
      285 00000064 00000060 0000005c 00000064 00000060
      286 0000005c 00000064 00000060 0000005c 00000064
      287 00000060 0000005c 00000064 00000060 0000005c
      288 00000064 00000060 0000005c 00000064 00000060
      289 0000005c 00000064 00000060 0000005c 00000064
      290 00000060 0000005c 00000064 00000060 0000005c
      291 00000064 00000060 0000005c 00000064 00000060
      292 0000005c 00000064 00000060 0000005c 00000064
      293 00000060 0000005c 00000064 00000060 0000005c
      294 00000064 00000060 0000005c 00000064 00000060
      295 0000005c 00000064 00000060 0000005c 00000064
      296 00000060 0000005c 00000064 00000060 0000005c
      297 00000064 00000060 0000005c 00000064 00000060
      298 0000005c 00000064 00000060 0000005c 00000064
      299 00000060 0000005c 00000064 00000060 0000005c
      300 00000064 00000060 0000005c 00000064 00000060
      301 0000005c 00000064 00000060 0000005c 00000064
      302 00000060 0000005c 00000064 00000060 0000005c
      303 00000064 00000060 0000005c 00000064 00000060
      304 0000005c 00000064 00000060 0000005c 00000064
      305 00000060 0000005c 00000064 00000060 0000005c
      306 00000064 00000060 0000005c 00000064 00000060
      307 0000005c 00000064 00000060 0000005c 00000064
      308 00000060 0000005c 00000064 00000060 0000005c
      309 00000064 00000060 0000005c 00000064 00000060
      310 0000005c 00000064 00000060 0000005c 00000064
      311 00000060 0000005c 00000064 00000060 0000005c
      312 00000064 00000060 0000005c 00000064 00000060
      313 0000005c 00000064 00000060 0000005c 00000064
      314 00000060 0000005c 00000064 00000060 0000005c
      315 00000064 00000060 0000005c 00000064 00000060
      316 0000005c 00000064 00000060 0000005c 00000064
      317 00000060 0000005c 00000064 00000060 0000005c
      318 00000064 00000060 0000005c 00000064 00000060
      319 0000005c 00000064 00000060 0000005c 00000064
      320 00000060 0000005c 00000064 00000060 0000005c
      321 00000064 00000060 0000005c 00000064 00000060
      322 0000005c 00000064 00000060 0000005c 00000064
      323 00000060 0000005c 00000064 00000060 0000005c
      324 00000064 00000060 0000005c 00000064 00000060
      325 0000005c 00000064 00000060 0000005c 00000064
      326 00000060 0000005c 00000064 00000060 0000005c
      327 00000064 00000060 0000005c 00000064 00000060
      328 0000005c 00000064 00000060 0000005c 00000064
      329 00000060 0000005c 00000064 00000060 0000005c
      330 00000064 00000060 0000005c 00000064 00000060
      331 0000005c 00000064 00000060 0000005c 00000064
      332 00000060 0000005c 00000064 00000060 0000005c
      333 00000064 00000060 0000005c 00000064 00000060
      334 0000005c 00000064 00000060 0000005c 00000064
      335 00000060 0000005c 00000064 00000060 0000005c
      336 00000064 00000060 0000005c 00000064 00000060
      337 0000005c 00000064 00000060 0000005c 00000064
      338 00000060 0000005c 00000064 00000060 0000005c
      339 00000064 00000060 0000005c 00000064 00000060
      340 0000005c 00000064 00000060 0000005c 00000064
      341 00000060 0000005c 00000064 00000060 0000005c
      342 00000064 00000060 0000005c 00000064 00000060
      343 0000005c 00000064 00000060 0000005c 00000064
      344 00000060 0000005c 00000064 00000060 0000005c
      345 00000064 00000060 0000005c 00000064 00000060
      346 0000005c 00000064 00000060 0000005c 00000064
      347 00000060 0000005c 00000064 00000060 0000005c
      348 00000064 00000060 0000005c 00000064 00000060
      349 0000005c 00000064 00000060 0000005c 00000064
      350 00000060 0000005c 00000064 00000060 0000005c
      351 00000064 00000060 0000005c 00000064 00000060
      352 0000005c 00000064 00000060 0000005c 00000064
      353 00000060 0000005c 00000064 00000060 0000005c
      354 00000064 00000060 0000005c 00000064 00000060
      355 0000005c 00000064 00000060 0000005c 00000064
      356 00000060 0000005c 00000064 00000060 0000005c
      357 00000064 00000060 0000005c 00000064 00000060
      358 0000005c 00000064 00000060 0000005c 00000064
      359 00000060 0000005c 00000064 00000060 0000005c
      360 00000064 00000060 0000005c 00000064 00000060
      361 0000005c 00000064 00000060 0000005c 00000064
      362 00000060 0000005c 00000064 00000060 0000005c
      363 00000064 00000060 0000005c 00000064 00000060
      364 0000005c 00000064 00000060 0000005c 00000064
      365 00000060 0000005c 00000064 00000060 0000005c
      366 00000064 00000060 0000005c 00000064 00000060
      367 0000005c 00000064 00000060 0000005c 00000064
      368 00000060 0000005c 00000064 00000060 0000005c
      369 00000064 00000060 0000005c 00000064 00000060
      370 0000005c 00000064 00000060 0000005c 00000064
      371 00000060 0000005c 00000064 00000060 0000005c
      372 00000064 00000060 0000005c 00000064 00000060
      373 0000005c 00000064 00000060 0000005c 00000064
      374 00000060 0000005c 00000064 00000060 0000005c
      375 00000064 00000060 0000005c 00000064 00000060
      376 0000005c 00000064 00000060 0000005c 00000064
      377 00000060 0000005c 00000064 00000060 0000005c
      378 00000064 00000060 0000005c 00000064 00000060
      379 0000005c 00000064 00000060 0000005c 00000064
      380 00000060 0000005c 00000064 00000060 0000005c
      381 00000064 00000060 0000005c 00000064 00000060
      382 0000005c 00000064 00000060 0000005c 00000064
      383 00000060 0000005c 00000064 00000060 0000005c
      384 00000064 00000060 0000005c 00000064 00000060
      385 0000005c 00000064 00000060 0000005c 00000064
      386 00000060 0000005c 00000064 00000060 0000005c
      387 00000064 00000060 0000005c 00000064 00000060
      388 0000005c 00000064 00000060 0000005c 00000064
      389 00000060 0000005c 00000064 00000060 0000005c
      390 00000064 00000060 0000005c 00000064 00000060
      391 0000005c 00000064 00000060 0000005c 00000064
      392 00000060 0000005c 00000064 00000060 0000005c
      393 00000064 00000060 0000005c 00000064 00000060
      394 0000005c 00000064 00000060 0000005c 00000064
      395 00000060 0000005c 00000064 00000060 0000005c
      396 00000064 00000060 0000005c 00000064 00000060
      397 0000005c 00000064 00000060 0000005c 00000064
      398 00000060 0000005c 00000064 00000060 0000005c
      399 00000064 00000060 0000005c 00000064 00000060
      400 0000005c 00000064 00000060 0000005c 00000064
      401 00000060 0000005c 00000064 00000060 0000005c
      402 00000064 00000060 0000005c 00000064 00000060
      403 0000005c 00000064 00000060 0000005c 00000064
      404 00000060 0000005c 00000064 00000060 0000005c
      405 00000064 00000060 0000005c 00000064 00000060
      406 0000005c 00000064 00000060 0000005c 00000064
      407 00000060 0000005c 00000064 00000060 0000005c
      408 00000064 00000060 0000005c 00000064 00000060
      409 0000005c 00000064 00000060 0000005c 00000064
      410 00000060 0000005c 00000064 00000060 0000005c
      411 00000064 00000060 0000005c 00000064 00000060
      412 0000005c 00000064 00000060 0000005c 00000064
      413 00000060 0000005c 00000064 00000060 0000005c
      414 00000064 00000060 0000005c 00000064 00000060
      415 0000005c 00000064 00000060 0000005c 00000064
      416 00000060 0000005c 00000064 00000060 0000005c
      417 00000064 00000060 0000005c 00000064 00000060
      418 0000005c 00000064 00000060 0000005c 00000064
      419 00000060 0000005c 00000064 00000060 0000005c
      420 00000064 00000060 0000005c 00000064 00000060
      421 0000005c 00000064 00000060 0000005c 00000064
      422 00000060 0000005c 00000064 00000060 0000005c
      423 00000064 00000060 0000005c 00000064 00000060
      424 0000005c 00000064 00000060 0000005c 00000064
      425 00000060 0000005c 00000064 00000060 0000005c
      426 00000064 00000060 0000005c 00000064 00000060
      427 0000005c 00000064 00000060 0000005c 00000064
      428 00000060 0000005c 00000064 00000060 0000005c
      429 00000064 00000060 0000005c 00000064 00000060
      430 0000005c 00000064 00000060 0000005c 00000064
      431 00000060 0000005c 00000064 00000060 0000005c
      432 00000064 00000060 0000005c 00000064 00000060
      433 0000005c 00000064 00000060 0000005c 00000064
      434 00000060 0000005c 00000064 00000060 0000005c
      435 00000064 00000060 0000005c 00000064 00000060
      436 0000005c 00000064 00000060 0000005c 00000064
      437 00000060 0000005c 00000064 00000060 0000005c
      438 00000064 00000060 0000005c 00000064 00000060
      439 0000005c 00000064 00000060 0000005c 00000064
      440 00000060 0000005c 00000064 00000060 0000005c
      441 00000064 00000060 0000005c 00000064 00000060
      442 0000005c 00000064 00000060 0000005c 00000064
      443 00000060 0000005c 00000064 00000060 0000005c
      444 00000064 00000060 0000005c 00000064 00000060
      445 0000005c 00000064 00000060 0000005c 00000064
      446 00000060 0000005c 00000064 00000060 0000005c
      447 00000064 00000060 0000005c 00000064 00000060
      448 0000005c 00000064 00000060 0000005c 00000064
      449 00000060 0000005c 00000064 00000060 0000005c
      450 00000064 00000060 0000005c 00000064 00000060
      451 0000005c 00000064 00000060 0000005c 00000064
      452 00000060 0000005c 00000064 00000060 0000005c
      453 00000064 00000060 0000005c 00000064 00000060
      454 0000005c 00000064 00000060 0000005c 00000064
      455 00000060 0000005c 00000064 00000060 0000005c
      456 00000064 00000060 0000005c 00000064 00000060
      457 0000005c 00000064 00000060 0000005c 00000064
      458 00000060 0000005c 00000064 00000060 0000005c
      459 00000064 00000060 0000005c 00000064 00000060
      460 0000005c 00000064 00000060 0000005c 00000064
      461 00000060 0000005c 00000064 00000060 0000005c
      462 00000064 00000060 0000005c 00000064 00000060
      463 0000005c 00000064 00000060 0000005c 00000064
      464 00000060 0000005c 00000064 00000060 0000005c
      465 00000064 00000060 0000005c 00000064 00000060
      466 0000005c 00000064 00000060 0000005c 00000064
      467 00000060 0000005c 00000064 00000060 0000005c
      468 00000064 00000060 0000005c 00000064 00000060
      469 0000005c 00000064 00000060 0000005c 00000064
      470 00000060 0000005c 00000064 00000060 0000005c
      471 00000064 00000060 0000005c 00000064 00000060
      472 0000005c 00000064 00000060 0000005c 00000064
      473 00000060 0000005c 00000064 00000060 0000005c
      474 00000064 00000060 0000005c 00000064 00000060
      475 0000005c 00000064 00000060 0000005c 00000064
      476 00000060 0000005c 00000064 00000060 0000005c
      477 00000064 00000060 0000005c 00000064 00000060
      478 0000005c 00000064 00000060 0000005c 00000064
      479 00000060 0000005c 00000064 00000060 0000005c
      480 00000064 00000060 0000005c 00000064 00000060
      481 0000005c 00000064 00000060 0000005c 00000064
      482 00000060 0000005c 00000064 00000060 0000005c
      483 00000064 00000060 0000005c 00000064 00000060
      484 0000005c 00000064 00000060 0000005c 00000064
      485 00000060 0000005c 00000064 00000060 0000005c
      486 00000064 00000060 0000005c 00000064 00000060
      487 0000005c 00000064 00000060 0000005c 00000064
      488 00000060 0000005c 00000064 00000060 0000005c
      489 00000064 00000060 0000005c 00000064 00000060
      490 0000005c 00000064 00000060 0000005c 00000064
      491 00000060 0000005c 00000064 00000060 0000005c
      492 00000064 00000060 0000005c 00000064 00000060
      493 0000005c 00000064 00000060 0000005c 00000064
      494 00000060 0000005c 00000064 00000060 0000005c
      495 00000064 00000060 0000005c 00000064 00000060
      496 0000005c 00000064 00000060 0000005c 00000064
      497 00000060 0000005c 00000064 00000060 0000005c
      498 00000064 00000060 0000005c 00000064 00000060
      499 0000005c 00000064 00000060 0000005c 00000064
      500 00000060 0000005c 00000064 00000060 0000005c
      501 00000064 00000060 0000005c 00000064 00000060
      502 0000005c 00000064 00000060 0000005c 00000064
      503 00000060 0000005c 00000064 00000060 0000005c
      504 00000064 00000060 0000005c 00000064 00000060
      505 0000005c 00000064 00000060 0000005c 00000064
      506 00000060 0000005c 00000064 00000060 0000005c
      507 00000064 00000060 0000005c 00000064 00000060
      508 0000005c 00000064 00000060 0000005c 00000064
      509 00000060 0000005c 00000064 00000060 0000005c
      510 00000064 00000060 0000005c 00000064 00000060
      511 0000005c 00000064 00000060 0000005c 00000064
      512 00000060 0000005c 00000064 00000060 0000005c
      513 00000064 00000060 0000005c 00000064 00000060
      514 0000005c 00000064 00000060 0000005c 00000064
      515 00000060 0000005c 00000064 00000060 0000005c
      516 00000064 00000060 0000005c 00000064 00000060
      517 0000005c 00000064 00000060 0000005c 00000064
      518 00000060 0000005c 00000064 00000060 0000005c
      519 00000064 00000060 0000005c 00000064 00000060
      520 0000005c 00000064 00000060 0000005c 00000064
      521 00000060 0000005c 00000064 00000060 0000005c
      522 00000064 00000060 0000005c 00000064 00000060
      523 0000005c 00000064 00000060 0000005c 00000064
      524 00000060 0000005c 00000064 00000060 0000005c
      525 00000064 00000060 0000005c 00000064 00000060
      526 0000005c 00000064 00000060 0000005c 00000064
      527 00000060 0000005c 00000064 00000060 0000005c
      528 00000064 00000060 0000005c 00000064 00000060
      529 0000005c 00000064 00000060 0000005c 00000064
      530 00000060 0000005c 00000064 00000060 0000005c
      531 00000064 00000060 0000005c 00000064 00000060
      532 0000005c 00000064 00000060 0000005c 00000064
      533 00000060 0000005c 00000064 00000060 0000005c
      534 00000064 00000060 0000005c 00000064 00000060
      535 0000005c 00000064 00000060 0000005c 00000064
      536 00000060 0000005c 00000064 00000060 0000005c
      537 00000064 00000060 0000005c 00000064 00000060
      538 0000005c 00000064 00000060 0000005c 00000064
      539 00000060 0000005c 00000064 00000060 0000005c
      540 00000064 00000060 0000005c 00000064 00000060
      541 0000005c 00000064 00000060 0000005c 00000064
      542 00000060 0000005c 00000064 00000060 0000005c
      543 00000064 00000060 0000005c 00000064 00000060
      544 0000005c 00000064 00000060 0000005c 00000064
      545 00000060 0000005c 00000064 00000060 0000005c
      546 00000064 00000060 0000005c 00000064 00000060
      547 0000005c 00000064 00000060 0000005c 00000064
      548 00000060 0000005c 00000064 00000060 0000005c
      549 00000064 00000060 0000005c 00000064 00000060
      550 0000005c 00000064 00000060 0000005c 00000064
      551 00000060 0000005c 00000064 00000060 0000005c
      552 00000064 00000060 0000005c 00000064 00000060
      553 0000005c 00000064 00000060 0000005c 00000064
      554 00000060 0000005c 00000064 00000060 0000005c
      555 00000064 00000060 0000005c 00000064 00000060
      556 0000005c 00000064 00000060 0000005c 00000064
      557 00000060 0000005c 00000064 00000060 0000005c
      558 00000064 00000060 0000005c 00000064 00000060
      559 0000005c 00000064 00000060 0000005c 00000064
      560 00000060 0000005c 00000064 00000060 0000005c
      561 00000064 00000060 0000005c 00000064 00000060
      562 0000005c 00000064 00000060 0000005c 00000064
      563 00000060 0000005c 00000064 00000060 0000005c
      564 00000064 00000060 0000005c 00000064 00000060
      565 0000005c 00000064 00000060 0000005c 00000064
      566 00000060 0000005c 00000064 00000060 0000005c
      567 00000068 00000000 00000000 00000064 00000060
      568 0000006c 00000068 00000000 00000000 00000064
      569 00000070 0000006c 00000068 00000000 00000000
      570 00000074 00000070 0000006c 00000068 00000000
      571 00000078 00000074 00000070 0000006c 00000068
      572 0000007c 00000078 00000074 00000070 0000006c
      573 00000084 00000000 00000000 00000074 00000070
      574 00000088 00000084 00000000 00000000 00000074
      575 0000008c 00000088 00000084 00000000 00000000
      576 00000090 0000008c 00000088 00000084 00000000
      577 00000090 0000008c 00000088 00000084 00000000
      578 00000094 00000090 0000008c 00000088 00000084
      579 00000098 00000094 00000090 0000008c 00000088
      580 0000009c 00000098 00000094 00000090 0000008c
      581 000000a0 0000009c 00000098 00000094 00000090
      582 000000a4 000000a0 0000009c 00000098 00000094
      583 000000a8 000000a4 000000a0 0000009c 00000098
      584 000000ac 000000a8 000000a4 000000a0 0000009c
      585 000000b0 000000ac 000000a8 000000a4 000000a0
      586 000000b4 000000b0 000000ac 000000a8 000000a4
      587 000000b8 000000b4 000000b0 000000ac 000000a8
      588 000000bc 000000b8 000000b4 000000b0 000000ac
      589 000000c0 000000bc 000000b8 000000b4 000000b0
      590 000000c4 000000c0 000000bc 000000b8 000000b4
      591 000000c8 000000c4 000000c0 000000bc 000000b8
      592 000000cc 000000c8 000000c4 000000c0 000000bc
      593 000000d0 000000cc 000000c8 000000c4 000000c0
      594 000000d4 000000d0 000000cc 000000c8 000000c4
      595 000000d8 000000d4 000000d0 000000cc 000000c8
      596 000000dc 000000d8 000000d4 000000d0 000000cc
      597 000000e0 000000dc 000000d8 000000d4 000000d0
      598 000000e4 000000e0 000000dc 000000d8 000000d4
      599 000000e8 000000e4 000000e0 000000dc 000000d8
      600 000000ec 000000e8 000000e4 000000e0 000000dc
      601 000000f0 000000ec 000000e8 000000e4 000000e0
      602 000000f4 000000f0 000000ec 000000e8 000000e4
      603 000000f8 000000f4 000000f0 000000ec 000000e8
      604 000000fc 000000f8 000000f4 000000f0 000000ec
      605 00000100 000000fc 000000f8 000000f4 000000f0
      606 00000104 00000100 000000fc 000000f8 000000f4
      607 00000108 00000104 00000100 000000fc 000000f8
      608 0000010c 00000108 00000104 00000100 000000fc
      609 00000110 0000010c 00000108 00000104 00000100
      610 00000114 00000110 0000010c 00000108 00000104
      611 00000118 00000114 00000110 0000010c 00000108
      612 0000011c 00000118 00000114 00000110 0000010c
      613 00000120 0000011c 00000118 00000114 00000110
      614 00000124 00000120 0000011c 00000118 00000114
      615 00000128 00000124 00000120 0000011c 00000118
      616 0000012c 00000128 00000124 00000120 0000011c
      617 00000130 0000012c 00000128 00000124 00000120
      618 00000134 00000130 0000012c 00000128 00000124
      619 00000138 00000134 00000130 0000012c 00000128
      620 0000013c 00000138 00000134 00000130 0000012c
      621 00000140 0000013c 00000138 00000134 00000130
      622 00000144 00000140 0000013c 00000138 00000134
      623 00000148 00000144 00000140 0000013c 00000138
      624 0000014c 00000148 00000144 00000140 0000013c
      625 00000150 0000014c 00000148 00000144 00000140
      626 00000154 00000150 0000014c 00000148 00000144
      627 00000158 00000154 00000150 0000014c 00000148
      628 0000015c 00000158 00000154 00000150 0000014c
      629 00000160 0000015c 00000158 00000154 00000150
      630 00000164 00000160 0000015c 00000158 00000154
      631 00000168 00000164 00000160 0000015c 00000158
      632 0000016c 00000168 00000164 00000160 0000015c
      633 00000170 0000016c 00000168 00000164 00000160
      634 00000174 00000170 0000016c 00000168 00000164
      635 00000178 00000174 00000170 0000016c 00000168
      636 0000017c 00000178 00000174 00000170 0000016c
      637 00000180 0000017c 00000178 00000174 00000170
      638 00000184 00000180 0000017c 00000178 00000174
      639 00000188 00000184 00000180 0000017c 00000178
      640 0000018c 00000188 00000184 00000180 0000017c
      641 00000190 0000018c 00000188 00000184 00000180
      642 00000194 00000190 0000018c 00000188 00000184
      643 00000198 00000194 00000190 0000018c 00000188
      644 0000019c 00000198 00000194 00000190 0000018c
      645 000001a0 0000019c 00000198 00000194 00000190
      646 000001a4 000001a0 0000019c 00000198 00000194
      647 000001a8 000001a4 000001a0 0000019c 00000198
      648 000001ac 000001a8 000001a4 000001a0 0000019c
      649 000001b0 000001ac 000001a8 000001a4 000001a0
      650 000001b4 000001b0 000001ac 000001a8 000001a4
      651 000001b8 000001b4 000001b0 000001ac 000001a8
      652 000001bc 000001b8 000001b4 000001b0 000001ac
      653 000001c0 000001bc 000001b8 000001b4 000001b0
      654 000001c4 000001c0 000001bc 000001b8 000001b4
      655 000001c8 000001c4 000001c0 000001bc 000001b8
      656 000001cc 000001c8 000001c4 000001c0 000001bc
      657 000001d0 000001cc 000001c8 000001c4 000001c0
      658 000001d4 000001d0 000001cc 000001c8 000001c4
      659 000001d8 000001d4 000001d0 000001cc 000001c8
      660 000001dc 000001d8 000001d4 000001d0 000001cc
      661 000001e0 000001dc 000001d8 000001d4 000001d0
      662 000001e4 000001e0 000001dc 000001d8 000001d4
      663 000001e8 000001e4 000001e0 000001dc 000001d8
      664 000001ec 000001e8 000001e4 000001e0 000001dc
      665 000001f0 000001ec 000001e8 000001e4 000001e0
      666 000001f4 000001f0 000001ec 000001e8 000001e4
      667 000001f8 000001f4 000001f0 000001ec 000001e8
      668 000001fc 000001f8 000001f4 000001f0 000001ec
      669 00000200 000001fc 000001f8 000001f4 000001f0
      670 00000204 00000200 000001fc 000001f8 000001f4
      671 00000208 00000204 00000200 000001fc 000001f8
      672 0000020c 00000208 00000204 00000200 000001fc
      673 00000210 0000020c 00000208 00000204 00000200
      674 00000214 00000210 0000020c 00000208 00000204
      675 00000218 00000214 00000210 0000020c 00000208
      676 0000021c 00000218 00000214 00000210 0000020c
      677 00000220 0000021c 00000218 00000214 00000210
      678 00000224 00000220 0000021c 00000218 00000214
      679 00000228 00000224 00000220 0000021c 00000218
      680 0000022c 00000228 00000224 00000220 0000021c
      681 00000230 0000022c 00000228 00000224 00000220
      682 00000234 00000230 0000022c 00000228 00000224
      683 00000238 00000234 00000230 0000022c 00000228
      684 0000023c 00000238 00000234 00000230 0000022c
      685 00000240 0000023c 00000238 00000234 00000230
      686 00000244 00000240 0000023c 00000238 00000234
      687 00000248 00000244 00000240 0000023c 00000238
      688 0000024c 00000248 00000244 00000240 0000023c
      689 00000250 0000024c 00000248 00000244 00000240
      690 00000254 00000250 0000024c 00000248 00000244
      691 00000258 00000254 00000250 0000024c 00000248
      692 0000025c 00000258 00000254 00000250 0000024c
      693 00000260 0000025c 00000258 00000254 00000250
      694 00000264 00000260 0000025c 00000258 00000254
      695 00000268 00000264 00000260 0000025c 00000258
      696 0000026c 00000268 00000264 00000260 0000025c
      697 00000270 0000026c 00000268 00000264 00000260
      698 00000274 00000270 0000026c 00000268 00000264
      699 00000278 00000274 00000270 0000026c 00000268
      700 0000027c 00000278 00000274 00000270 0000026c
      701 00000280 0000027c 00000278 00000274 00000270
      702 00000284 00000280 0000027c 00000278 00000274
      703 00000288 00000284 00000280 0000027c 00000278
      704 0000028c 00000288 00000284 00000280 0000027c
      705 00000290 0000028c 00000288 00000284 00000280
      706 00000294 00000290 0000028c 00000288 00000284
      707 00000298 00000294 00000290 0000028c 00000288
      708 0000029c 00000298 00000294 00000290 0000028c
      709 000002a0 0000029c 00000298 00000294 00000290
      710 000002a4 000002a0 0000029c 00000298 00000294
      711 000002a8 000002a4 000002a0 0000029c 00000298
      712 000002ac 000002a8 000002a4 000002a0 0000029c
      713 000002b0 000002ac 000002a8 000002a4 000002a0
      714 000002b4 000002b0 000002ac 000002a8 000002a4
      715 000002b8 000002b4 000002b0 000002ac 000002a8
      716 000002bc 000002b8 000002b4 000002b0 000002ac
      717 000002c0 000002bc 000002b8 000002b4 000002b0
      718 000002c4 000002c0 000002bc 000002b8 000002b4
      719 000002c8 000002c4 000002c0 000002bc 000002b8
      720 000002cc 000002c8 000002c4 000002c0 000002bc
      721 000002d0 000002cc 000002c8 000002c4 000002c0
      722 000002d4 000002d0 000002cc 000002c8 000002c4
      723 000002d8 000002d4 000002d0 000002cc 000002c8
      724 000002dc 000002d8 000002d4 000002d0 000002cc
      725 000002e0 000002dc 000002d8 000002d4 000002d0
      726 000002e4 000002e0 000002dc 000002d8 000002d4
      727 000002e8 000002e4 000002e0 000002dc 000002d8
      728 000002ec 000002e8 000002e4 000002e0 000002dc
      729 000002f0 000002ec 000002e8 000002e4 000002e0
      730 000002f4 000002f0 000002ec 000002e8 000002e4
      731 000002f8 000002f4 000002f0 000002ec 000002e8
      732 000002fc 000002f8 000002f4 000002f0 000002ec
      733 00000300 000002fc 000002f8 000002f4 000002f0
      734 00000304 00000300 000002fc 000002f8 000002f4
      735 00000308 00000304 00000300 000002fc 000002f8
      736 0000030c 00000308 00000304 00000300 000002fc
      737 00000310 0000030c 00000308 00000304 00000300
      738 00000314 00000310 0000030c 00000308 00000304
      739 00000318 00000314 00000310 0000030c 00000308
      740 0000031c 00000318 00000314 00000310 0000030c
      741 00000320 0000031c 00000318 00000314 00000310
      742 00000324 00000320 0000031c 00000318 00000314
      743 00000328 00000324 00000320 0000031c 00000318
      744 0000032c 00000328 00000324 00000320 0000031c
      745 00000330 0000032c 00000328 00000324 00000320
      746 00000334 00000330 0000032c 00000328 00000324
      747 00000338 00000334 00000330 0000032c 00000328
      748 0000033c 00000338 00000334 00000330 0000032c
      749 00000340 0000033c 00000338 00000334 00000330
      750 00000344 00000340 0000033c 00000338 00000334
      751 00000348 00000344 00000340 0000033c 00000338
      752 0000034c 00000348 00000344 00000340 0000033c
      753 00000350 0000034c 00000348 00000344 00000340
      754 00000354 00000350 0000034c 00000348 00000344
      755 00000358 00000354 00000350 0000034c 00000348
      756 0000035c 00000358 00000354 00000350 0000034c
      757 00000360 0000035c 00000358 00000354 00000350
      758 00000364 00000360 0000035c 00000358 00000354
      759 00000368 00000364 00000360 0000035c 00000358
      760 0000036c 00000368 00000364 00000360 0000035c
      761 00000370 0000036c 00000368 00000364 00000360
      762 00000374 00000370 0000036c 00000368 00000364
      763 00000378 00000374 00000370 0000036c 00000368
      764 0000037c 00000378 00000374 00000370 0000036c
      765 00000380 0000037c 00000378 00000374 00000370
      766 00000384 00000380 0000037c 00000378 00000374
      767 00000388 00000384 00000380 0000037c 00000378
      768 0000038c 00000388 00000384 00000380 0000037c
      769 00000390 0000038c 00000388 00000384 00000380
      770 00000394 00000390 0000038c 00000388 00000384
      771 00000398 00000394 00000390 0000038c 00000388
      772 0000039c 00000398 00000394 00000390 0000038c
      773 000003a0 0000039c 00000398 00000394 00000390
      774 000003a4 000003a0 0000039c 00000398 00000394
      775 000003a8 000003a4 000003a0 0000039c 00000398
      776 000003ac 000003a8 000003a4 000003a0 0000039c
      777 000003b0 000003ac 000003a8 000003a4 000003a0
      778 000003b4 000003b0 000003ac 000003a8 000003a4
      779 000003b8 000003b4 000003b0 000003ac 000003a8
      780 000003bc 000003b8 000003b4 000003b0 000003ac
      781 000003c0 000003bc 000003b8 000003b4 000003b0
      782 000003c4 000003c0 000003bc 000003b8 000003b4
      783 000003c8 000003c4 000003c0 000003bc 000003b8
      784 000003cc 000003c8 000003c4 000003c0 000003bc
      785 000003d0 000003cc 000003c8 000003c4 000003c0
      786 000003d4 000003d0 000003cc 000003c8 000003c4
      787 000003d8 000003d4 000003d0 000003cc 000003c8
      788 000003dc 000003d8 000003d4 000003d0 000003cc
      789 000003e0 000003dc 000003d8 000003d4 000003d0
      790 000003e4 000003e0 000003dc 000003d8 000003d4
      791 000003e8 000003e4 000003e0 000003dc 000003d8
      792 000003ec 000003e8 000003e4 000003e0 000003dc
      793 000003f0 000003ec 000003e8 000003e4 000003e0
      794 000003f4 000003f0 000003ec 000003e8 000003e4
      795 000003f8 000003f4 000003f0 000003ec 000003e8
      796 000003fc 000003f8 000003f4 000003f0 000003ec
      797 00000400 000003fc 000003f8 000003f4 000003f0
      798 00000404 00000400 000003fc 000003f8 000003f4
      799 00000408 00000404 00000400 000003fc 000003f8
      800 0000040c 00000408 00000404 00000400 000003fc
      801 00000410 0000040c 00000408 00000404 00000400
      802 00000414 00000410 0000040c 00000408 00000404
      803 00000418 00000414 00000410 0000040c 00000408
      804 0000041c 00000418 00000414 00000410 0000040c
      805 00000420 0000041c 00000418 00000414 00000410
      806 00000424 00000420 0000041c 00000418 00000414
      807 00000428 00000424 00000420 0000041c 00000418
      808 0000042c 00000428 00000424 00000420 0000041c
      809 00000430 0000042c 00000428 00000424 00000420
      810 00000434 00000430 0000042c 00000428 00000424
      811 00000438 00000434 00000430 0000042c 00000428
      812 0000043c 00000438 00000434 00000430 0000042c
      813 00000440 0000043c 00000438 00000434 00000430
      814 00000444 00000440 0000043c 00000438 00000434
      815 00000448 00000444 00000440 0000043c 00000438
      816 0000044c 00000448 00000444 00000440 0000043c
      817 00000450 0000044c 00000448 00000444 00000440
      818 00000454 00000450 0000044c 00000448 00000444
      819 00000458 00000454 00000450 0000044c 00000448
      820 0000045c 00000458 00000454 00000450 0000044c
      821 00000460 0000045c 00000458 00000454 00000450
      822 00000464 00000460 0000045c 00000458 00000454
      823 00000468 00000464 00000460 0000045c 00000458
      824 0000046c 00000468 00000464 00000460 0000045c
      825 00000470 0000046c 00000468 00000464 00000460
      826 00000474 00000470 0000046c 00000468 00000464
      827 00000478 00000474 00000470 0000046c 00000468
      828 0000047c 00000478 00000474 00000470 0000046c
      829 00000480 0000047c 00000478 00000474 00000470
      830 00000484 00000480 0000047c 00000478 00000474
      831 00000488 00000484 00000480 0000047c 00000478
      832 0000048c 00000488 00000484 00000480 0000047c
      833 00000490 0000048c 00000488 00000484 00000480
      834 00000494 00000490 0000048c 00000488 00000484
      835 00000498 00000494 00000490 0000048c 00000488
      836 0000049c 00000498 00000494 00000490 0000048c
      837 000004a0 0000049c 00000498 00000494 00000490
      838 000004a4 000004a0 0000049c 00000498 00000494
      839 000004a8 000004a4 000004a0 0000049c 00000498
      840 000004ac 000004a8 000004a4 000004a0 0000049c
      841 000004b0 000004ac 000004a8 000004a4 000004a0
      842 000004b4 000004b0 000004ac 000004a8 000004a4
      843 000004b8 000004b4 000004b0 000004ac 000004a8
      844 000004bc 000004b8 000004b4 000004b0 000004ac
      845 000004c0 000004bc 000004b8 000004b4 000004b0
      846 000004c4 000004c0 000004bc 000004b8 000004b4
      847 000004c8 000004c4 000004c0 000004bc 000004b8
      848 000004cc 000004c8 000004c4 000004c0 000004bc
      849 000004d0 000004cc 000004c8 000004c4 000004c0
      850 000004d4 000004d0 000004cc 000004c8 000004c4
      851 000004d8 000004d4 000004d0 000004cc 000004c8
      852 000004dc 000004d8 000004d4 000004d0 000004cc
      853 000004e0 000004dc 000004d8 000004d4 000004d0
      854 000004e4 000004e0 000004dc 000004d8 000004d4
      855 000004e8 000004e4 000004e0 000004dc 000004d8
      856 000004ec 000004e8 000004e4 000004e0 000004dc
      857 000004f0 000004ec 000004e8 000004e4 000004e0
      858 000004f4 000004f0 000004ec 000004e8 000004e4
      859 000004f8 000004f4 000004f0 000004ec 000004e8
      860 000004fc 000004f8 000004f4 000004f0 000004ec
      861 00000500 000004fc 000004f8 000004f4 000004f0
      862 00000504 00000500 000004fc 000004f8 000004f4
      863 00000508 00000504 00000500 000004fc 000004f8
      864 0000050c 00000508 00000504 00000500 000004fc
      865 00000510 0000050c 00000508 00000504 00000500
      866 00000514 00000510 0000050c 00000508 00000504
      867 00000518 00000514 00000510 0000050c 00000508
      868 0000051c 00000518 00000514 00000510 0000050c
      869 00000520 0000051c 00000518 00000514 00000510
      870 00000524 00000520 0000051c 00000518 00000514
      871 00000528 00000524 00000520 0000051c 00000518
      872 0000052c 00000528 00000524 00000520 0000051c
      873 00000530 0000052c 00000528 00000524 00000520
      874 00000534 00000530 0000052c 00000528 00000524
      875 00000538 00000534 00000530 0000052c 00000528
      876 0000053c 00000538 00000534 00000530 0000052c
      877 00000540 0000053c 00000538 00000534 00000530
      878 00000544 00000540 0000053c 00000538 00000534
      879 00000548 00000544 00000540 0000053c 00000538
      880 0000054c 00000548 00000544 00000540 0000053c
      881 00000550 0000054c 00000548 00000544 00000540
      882 00000554 00000550 0000054c 00000548 00000544
      883 00000558 00000554 00000550 0000054c 00000548
      884 0000055c 00000558 00000554 00000550 0000054c
      885 00000560 0000055c 00000558 00000554 00000550
      886 00000564 00000560 0000055c 00000558 00000554
      887 00000568 00000564 00000560 0000055c 00000558
      888 0000056c 00000568 00000564 00000560 0000055c
      889 00000570 0000056c 00000568 00000564 00000560
      890 00000574 00000570 0000056c 00000568 00000564
      891 00000578 00000574 00000570 0000056c 00000568
      892 0000057c 00000578 00000574 00000570 0000056c
      893 00000580 0000057c 00000578 00000574 00000570
      894 00000584 00000580 0000057c 00000578 00000574
      895 00000588 00000584 00000580 0000057c 00000578
      896 0000058c 00000588 00000584 00000580 0000057c
      897 00000590 0000058c 00000588 00000584 00000580
      898 00000594 00000590 0000058c 00000588 00000584
      899 00000598 00000594 00000590 0000058c 00000588
      900 0000059c 00000598 00000594 00000590 0000058c
      901 000005a0 0000059c 00000598 00000594 00000590
      902 000005a4 000005a0 0000059c 00000598 00000594
      903 000005a8 000005a4 000005a0 0000059c 00000598
      904 000005ac 000005a8 000005a4 000005a0 0000059c
      905 000005b0 000005ac 000005a8 000005a4 000005a0
      906 000005b4 000005b0 000005ac 000005a8 000005a4
      907 000005b8 000005b4 000005b0 000005ac 000005a8
      908 000005bc 000005b8 000005b4 000005b0 000005ac
      909 000005c0 000005bc 000005b8 000005b4 000005b0
      910 000005c4 000005c0 000005bc 000005b8 000005b4
      911 000005c8 000005c4 000005c0 000005bc 000005b8
      912 000005cc 000005c8 000005c4 000005c0 000005bc
      913 000005d0 000005cc 000005c8 000005c4 000005c0
      914 000005d4 000005d0 000005cc 000005c8 000005c4
      915 000005d8 000005d4 000005d0 000005cc 000005c8
      916 000005dc 000005d8 000005d4 000005d0 000005cc
      917 000005e0 000005dc 000005d8 000005d4 000005d0
      918 000005e4 000005e0 000005dc 000005d8 000005d4
      919 000005e8 000005e4 000005e0 000005dc 000005d8
      920 000005ec 000005e8 000005e4 000005e0 000005dc
      921 000005f0 000005ec 000005e8 000005e4 000005e0
      922 000005f4 000005f0 000005ec 000005e8 000005e4
      923 000005f8 000005f4 000005f0 000005ec 000005e8
      924 000005fc 000005f8 000005f4 000005f0 000005ec
      925 00000600 000005fc 000005f8 000005f4 000005f0
      926 00000604 00000600 000005fc 000005f8 000005f4
      927 00000608 00000604 00000600 000005fc 000005f8
      928 0000060c 00000608 00000604 00000600 000005fc
      929 00000610 0000060c 00000608 00000604 00000600
      930 00000614 00000610 0000060c 00000608 00000604
      931 00000618 00000614 00000610 0000060c 00000608
      932 0000061c 00000618 00000614 00000610 0000060c
      933 00000620 0000061c 00000618 00000614 00000610
      934 00000624 00000620 0000061c 00000618 00000614
      935 00000628 00000624 00000620 0000061c 00000618
      936 0000062c 00000628 00000624 00000620 0000061c
      937 00000630 0000062c 00000628 00000624 00000620
      938 00000634 00000630 0000062c 00000628 00000624
      939 00000638 00000634 00000630 0000062c 00000628
      940 0000063c 00000638 00000634 00000630 0000062c
      941 00000640 0000063c 00000638 00000634 00000630
      942 00000644 00000640 0000063c 00000638 00000634
      943 00000648 00000644 00000640 0000063c 00000638
      944 0000064c 00000648 00000644 00000640 0000063c
      945 00000650 0000064c 00000648 00000644 00000640
      946 00000654 00000650 0000064c 00000648 00000644
      947 00000658 00000654 00000650 0000064c 00000648
      948 0000065c 00000658 00000654 00000650 0000064c
      949 00000660 0000065c 00000658 00000654 00000650
      950 00000664 00000660 0000065c 00000658 00000654
      951 00000668 00000664 00000660 0000065c 00000658
      952 0000066c 00000668 00000664 00000660 0000065c
      953 00000670 0000066c 00000668 00000664 00000660
      954 00000674 00000670 0000066c 00000668 00000664
      955 00000678 00000674 00000670 0000066c 00000668
      956 0000067c 00000678 00000674 00000670 0000066c
      957 00000680 0000067c 00000678 00000674 00000670
      958 00000684 00000680 0000067c 00000678 00000674
      959 00000688 00000684 00000680 0000067c 00000678
      960 0000068c 00000688 00000684 00000680 0000067c
      961 00000690 0000068c 00000688 00000684 00000680
      962 00000694 00000690 0000068c 00000688 00000684
      963 00000698 00000694 00000690 0000068c 00000688
      964 0000069c 00000698 00000694 00000690 0000068c
      965 000006a0 0000069c 00000698 00000694 00000690
      966 000006a4 000006a0 0000069c 00000698 00000694
      967 000006a8 000006a4 000006a0 0000069c 00000698
      968 000006ac 000006a8 000006a4 000006a0 0000069c
      969 000006b0 000006ac 000006a8 000006a4 000006a0
      970 000006b4 000006b0 000006ac 000006a8 000006a4
      971 000006b8 000006b4 000006b0 000006ac 000006a8
      972 000006bc 000006b8 000006b4 000006b0 000006ac
      973 000006c0 000006bc 000006b8 000006b4 000006b0
      974 000006c4 000006c0 000006bc 000006b8 000006b4
      975 000006c8 000006c4 000006c0 000006bc 000006b8
      976 000006cc 000006c8 000006c4 000006c0 000006bc
      977 000006d0 000006cc 000006c8 000006c4 000006c0
      978 000006d4 000006d0 000006cc 000006c8 000006c4
      979 000006d8 000006d4 000006d0 000006cc 000006c8
      980 000006dc 000006d8 000006d4 000006d0 000006cc
      981 000006e0 000006dc 000006d8 000006d4 000006d0
      982 000006e4 000006e0 000006dc 000006d8 000006d4
      983 000006e8 000006e4 000006e0 000006dc 000006d8
      984 000006ec 000006e8 000006e4 000006e0 000006dc
      985 000006f0 000006ec 000006e8 000006e4 000006e0
      986 000006f4 000006f0 000006ec 000006e8 000006e4
      987 000006f8 000006f4 000006f0 000006ec 000006e8
      988 000006fc 000006f8 000006f4 000006f0 000006ec
      989 00000700 000006fc 000006f8 000006f4 000006f0
      990 00000704 00000700 000006fc 000006f8 000006f4
      991 00000708 00000704 00000700 000006fc 000006f8
      992 0000070c 00000708 00000704 00000700 000006fc
      993 00000710 0000070c 00000708 00000704 00000700
      994 00000714 00000710 0000070c 00000708 00000704
      995 00000718 00000714 00000710 0000070c 00000708
      996 0000071c 00000718 00000714 00000710 0000070c
      997 00000720 0000071c 00000718 00000714 00000710
      998 00000724 00000720 0000071c 00000718 00000714
      999 00000728 00000724 00000720 0000071c 00000718
